components/AccountSettingsModal.tsx(3,10): error TS2724: '"../services/supabaseService"' has no exported member named 'supabaseService'. Did you mean 'SupabaseService'?
components/TempoSettingsModal.tsx(4,10): error TS2724: '"../services/supabaseService"' has no exported member named 'supabaseService'. Did you mean 'SupabaseService'?
